[00:23:33.677][INFO][CraftTweaker-EarlyInit]: CraftTweaker is running on a Minecraft 1.20.1 production server modded with platform Forge
[00:23:33.692][INFO][CraftTweaker-EarlyInit]: Successfully injected RecipeFS file system
[00:23:33.811][INFO][CraftTweaker-Plugins]: Successfully identified and loaded plugin crafttweaker:builtin
[00:23:33.815][INFO][CraftTweaker-Plugins]: Successfully identified and loaded plugin crafttweaker:builtin_forge
[00:23:33.822][INFO][CraftTweaker-Plugins]: Successfully identified and loaded plugin farmersdelight:crafttweaker_plugin
[00:23:35.079][INFO][CraftTweaker]: The following mods have explicit CraftTweaker support through the default plugin:
[00:23:35.081][INFO][CraftTweaker]: - 'aquaculture' at version '2.5.1'
[00:23:35.084][INFO][CraftTweaker]: - 'crafttweaker' at version '14.0.40'
[00:23:35.084][INFO][CraftTweaker]: - 'farmersdelight' at version '1.20.1-1.2.4'
[00:23:44.444][INFO][CraftTweaker-ZenCode]: Started loading scripts for loader 'initialize'
[00:23:45.206][INFO][CraftTweaker-ZenCode]: Compiling and executing scripts
[00:23:45.246][INFO][CraftTweaker-ZenCode]: Successfully initialized modules [crafttweaker, expansions]
[00:23:45.365][INFO][CraftTweaker-ZenCode]: Execution for loader 'initialize' completed successfully
[00:23:54.789][INFO][CraftTweaker-ZenCode]: Started loading scripts for loader 'tags'
[00:23:54.857][INFO][CraftTweaker-ZenCode]: Compiling and executing scripts
[00:23:54.916][INFO][CraftTweaker-ZenCode]: Successfully initialized modules [crafttweaker, expansions]
[00:23:54.954][INFO][CraftTweaker-ZenCode]: Execution for loader 'tags' completed successfully
[00:23:56.212][INFO][CraftTweaker]: crafttweaker.reload.start
[00:23:56.217][INFO][CraftTweaker-ZenCode]: Started loading scripts for loader 'crafttweaker'
[00:23:56.255][INFO][CraftTweaker-ZenCode]: Compiling and executing scripts
[00:23:56.856][INFO][CraftTweaker-ZenCode]: Successfully initialized modules [mods, crafttweaker, expansions]
[00:23:56.873][INFO][CraftTweaker-ZenCode]: Execution for loader 'crafttweaker' completed successfully
[00:23:56.875][INFO][CraftTweaker]: crafttweaker.reload.complete
